apiVersion: apps/v1
kind: Deployment
metadata:
  name: ds-pipeline-testdsp9
  namespace: default
  labels:
    app: ds-pipeline-testdsp9
    component: data-science-pipelines
    dspa: testdsp9
spec:
  selector:
    matchLabels:
      app: ds-pipeline-testdsp9
      component: data-science-pipelines
      dspa: testdsp9
  template:
    metadata:
      labels:
        app: ds-pipeline-testdsp9
        component: data-science-pipelines
        dspa: testdsp9
    spec:
      containers:
        - env:
            - name: POD_NAMESPACE
              value: "default"
            - name: DBCONFIG_USER
              value: "mlpipeline"
            - name: DBCONFIG_PASSWORD
              valueFrom:
                secretKeyRef:
                  key: "password"
                  name: "ds-pipeline-db-testdsp9"
            - name: DBCONFIG_DBNAME
              value: "mlpipeline"
            - name: DBCONFIG_HOST
              value: "mariadb-testdsp9.default.svc.cluster.local"
            - name: DBCONFIG_PORT
              value: "3306"
            - name: AUTO_UPDATE_PIPELINE_DEFAULT_VERSION
              value: "true"
            - name: DBCONFIG_CONMAXLIFETIMESEC
              value: "120"
            - name: ML_PIPELINE_VISUALIZATIONSERVER_SERVICE_HOST
              value: "ds-pipeline-visualizationserver"
            - name: ML_PIPELINE_VISUALIZATIONSERVER_SERVICE_PORT
              value: "8888"
            - name: OBJECTSTORECONFIG_CREDENTIALSSECRET
              value: "ds-pipeline-s3-testdsp9"
            - name: OBJECTSTORECONFIG_CREDENTIALSACCESSKEYKEY
              value: "accesskey"
            - name: OBJECTSTORECONFIG_CREDENTIALSSECRETKEYKEY
              value: "secretkey"
            - name: DEFAULTPIPELINERUNNERSERVICEACCOUNT
              value: "pipeline-runner-testdsp9"
            - name: OBJECTSTORECONFIG_BUCKETNAME
              value: "mlpipeline"
            - name: OBJECTSTORECONFIG_ACCESSKEY
              valueFrom:
                secretKeyRef:
                  key: "accesskey"
                  name: "ds-pipeline-s3-testdsp9"
            - name: OBJECTSTORECONFIG_SECRETACCESSKEY
              valueFrom:
                secretKeyRef:
                  key: "secretkey"
                  name: "ds-pipeline-s3-testdsp9"
            - name: OBJECTSTORECONFIG_SECURE
              value: "false"
            - name: MINIO_SERVICE_SERVICE_HOST
              value: "minio-testdsp9.default.svc.cluster.local"
            - name: MINIO_SERVICE_SERVICE_PORT
              value: "9000"
            - name: V2_LAUNCHER_IMAGE
              value: "argolauncherimage:test9"
            - name: V2_DRIVER_IMAGE
              value: "argodriverimage:test9"
            - name: METADATA_GRPC_SERVICE_SERVICE_HOST
              value: "ds-pipeline-metadata-grpc-testdsp9.default.svc.cluster.local"
            - name: METADATA_GRPC_SERVICE_SERVICE_PORT
              value: "8080"
            - name: ML_PIPELINE_SERVICE_HOST
              value: ds-pipeline-testdsp9.default.svc.cluster.local
            - name: ML_PIPELINE_SERVICE_PORT_GRPC
              value: "8887"
            - name: SIGNED_URL_EXPIRY_TIME_SECONDS
              value: "15"
            - name: EXECUTIONTYPE
              value: Workflow
            - name: DB_DRIVER_NAME
              value: mysql
            - name: DBCONFIG_MYSQLCONFIG_USER
              value: mlpipeline
            - name: DBCONFIG_MYSQLCONFIG_PASSWORD
              valueFrom:
                secretKeyRef:
                  key: "password"
                  name: "ds-pipeline-db-testdsp9"
            - name: DBCONFIG_MYSQLCONFIG_DBNAME
              value: "mlpipeline"
            - name: DBCONFIG_MYSQLCONFIG_HOST
              value: "mariadb-testdsp9.default.svc.cluster.local"
            - name: DBCONFIG_MYSQLCONFIG_PORT
              value: "3306"
          image: api-server:test9
          imagePullPolicy: Always
          name: ds-pipeline-api-server
          command: ['/bin/apiserver']
          args:
            - --config=/config
            - -logtostderr=true
          ports:
            - containerPort: 8888
              name: http
              protocol: TCP
            - containerPort: 8887
              name: grpc
              protocol: TCP
          livenessProbe:
            httpGet:
              path: /apis/v1beta1/healthz
              port: http
              scheme: HTTPS
          readinessProbe:
            httpGet:
              path: /apis/v1beta1/healthz
              port: http
              scheme: HTTPS
          resources:
            requests:
              cpu: 250m
              memory: 500Mi
            limits:
              cpu: 500m
              memory: 1Gi
          volumeMounts:
            - name: server-config
              mountPath: /config/config.json
              subPath: config.json
        - name: oauth-proxy
          args:
            - --https-address=:8443
            - --provider=openshift
            - --openshift-service-account=ds-pipeline-testdsp9
            - --upstream=http://localhost:8888
            - --tls-cert=/etc/tls/private/tls.crt
            - --tls-key=/etc/tls/private/tls.key
            - --cookie-secret=SECRET
            - '--openshift-delegate-urls={"/": {"group":"route.openshift.io","resource":"routes","verb":"get","name":"ds-pipeline-testdsp9","namespace":"default"}}'
            - '--openshift-sar={"namespace":"default","resource":"routes","resourceName":"ds-pipeline-testdsp9","verb":"get","resourceAPIGroup":"route.openshift.io"}'
            - --skip-auth-regex='(^/metrics|^/apis/v1beta1/healthz)'
          image: oauth-proxy:test9
          ports:
            - containerPort: 8443
              name: oauth
              protocol: TCP
          livenessProbe:
            httpGet:
              path: /oauth/healthz
              port: oauth
              scheme: HTTPS
            initialDelaySeconds: 30
            timeoutSeconds: 1
            periodSeconds: 5
            successThreshold: 1
            failureThreshold: 3
          readinessProbe:
            httpGet:
              path: /oauth/healthz
              port: oauth
              scheme: HTTPS
            initialDelaySeconds: 5
            timeoutSeconds: 1
            periodSeconds: 5
            successThreshold: 1
            failureThreshold: 3
          resources:
            limits:
              cpu: 100m
              memory: 256Mi
            requests:
              cpu: 100m
              memory: 256Mi
          volumeMounts:
            - mountPath: /etc/tls/private
              name: proxy-tls
      volumes:
        - name: proxy-tls
          secret:
            secretName: ds-pipelines-proxy-tls-testdsp9
            defaultMode: 420
        - name: server-config
          configMap:
            name: ds-pipeline-server-config-testdsp9
            defaultMode: 420
      serviceAccountName: ds-pipeline-testdsp9
