apiVersion: apps/v1
kind: Deployment
metadata:
  name: ds-pipeline-scheduledworkflow-testdsp5
  namespace: default
  labels:
    app: ds-pipeline-scheduledworkflow-testdsp5
    component: data-science-pipelines
    dspa: testdsp5
spec:
  selector:
    matchLabels:
      app: ds-pipeline-scheduledworkflow-testdsp5
      component: data-science-pipelines
      dspa: testdsp5
  template:
    metadata:
      annotations:
        cluster-autoscaler.kubernetes.io/safe-to-evict: "true"
      labels:
        app: ds-pipeline-scheduledworkflow-testdsp5
        component: data-science-pipelines
        dspa: testdsp5
    spec:
      containers:
        - env:
            - name: NAMESPACE
              value: "default"
            - name: CRON_SCHEDULE_TIMEZONE
              value: "UTC"
            - name: EXECUTIONTYPE
              value: PipelineRun
          image: scheduledworkflow:test5
          # imagePullPolicy: default - https://kubernetes.io/docs/concepts/containers/images/#imagepullpolicy-defaulting
          name: ds-pipeline-scheduledworkflow
          command:
            - controller
            - "--logtostderr=true"
            - "--namespace=testdsp5"
          livenessProbe:
            exec:
              command:
                - test
                - -x
                - controller
            initialDelaySeconds: 30
            periodSeconds: 5
            timeoutSeconds: 2
          readinessProbe:
            exec:
              command:
                - test
                - -x
                - controller
            initialDelaySeconds: 3
            periodSeconds: 5
            timeoutSeconds: 2
          resources:
            requests:
              cpu: 120m
              memory: 100Mi
            limits:
              cpu: 250m
              memory: 250Mi
      serviceAccountName: ds-pipeline-scheduledworkflow-testdsp5
